// Jest Snapshot v1, https://goo.gl/fbAQLP

exports[`GenreQuestionScreen correctly renders after relaunch 1`] = `
Array [
  <h2
    className="game__title"
  >
    Выберите 
    rock
     треки
  </h2>,
  <form
    className="game__tracks"
    onSubmit={[Function]}
  >
    <div
      className="track"
    >
      <div
        className="game__answer"
      >
        <input
          checked={false}
          className="game__input visually-hidden"
          id="answer-0"
          name="answer"
          onChange={[Function]}
          type="checkbox"
          value={false}
        />
        <label
          className="game__check"
          htmlFor="answer-0"
        >
          Отметить
        </label>
      </div>
    </div>
    <button
      className="game__submit button"
      type="submit"
    >
      Ответить
    </button>
  </form>,
]
`;
